Archive member included to satisfy reference by file (symbol)

c:/st/stm32cubeide_1.3.0/stm32cubeide/plugins/com.st.stm32cube.ide.mcu.externaltools.gnu-tools-for-stm32.7-2018-q2-update.win32_1.0.0.201904181610/tools/bin/../lib/gcc/arm-none-eabi/7.3.1/../../../../arm-none-eabi/lib/thumb/v7-m\libc_nano.a(lib_a-errno.o)
                              Src/syscalls.o (__errno)
c:/st/stm32cubeide_1.3.0/stm32cubeide/plugins/com.st.stm32cube.ide.mcu.externaltools.gnu-tools-for-stm32.7-2018-q2-update.win32_1.0.0.201904181610/tools/bin/../lib/gcc/arm-none-eabi/7.3.1/../../../../arm-none-eabi/lib/thumb/v7-m\libc_nano.a(lib_a-exit.o)
                              c:/st/stm32cubeide_1.3.0/stm32cubeide/plugins/com.st.stm32cube.ide.mcu.externaltools.gnu-tools-for-stm32.7-2018-q2-update.win32_1.0.0.201904181610/tools/bin/../lib/gcc/arm-none-eabi/7.3.1/../../../../arm-none-eabi/lib/thumb/v7-m/crt0.o (exit)
c:/st/stm32cubeide_1.3.0/stm32cubeide/plugins/com.st.stm32cube.ide.mcu.externaltools.gnu-tools-for-stm32.7-2018-q2-update.win32_1.0.0.201904181610/tools/bin/../lib/gcc/arm-none-eabi/7.3.1/../../../../arm-none-eabi/lib/thumb/v7-m\libc_nano.a(lib_a-impure.o)
                              c:/st/stm32cubeide_1.3.0/stm32cubeide/plugins/com.st.stm32cube.ide.mcu.externaltools.gnu-tools-for-stm32.7-2018-q2-update.win32_1.0.0.201904181610/tools/bin/../lib/gcc/arm-none-eabi/7.3.1/../../../../arm-none-eabi/lib/thumb/v7-m\libc_nano.a(lib_a-exit.o) (_global_impure_ptr)
c:/st/stm32cubeide_1.3.0/stm32cubeide/plugins/com.st.stm32cube.ide.mcu.externaltools.gnu-tools-for-stm32.7-2018-q2-update.win32_1.0.0.201904181610/tools/bin/../lib/gcc/arm-none-eabi/7.3.1/../../../../arm-none-eabi/lib/thumb/v7-m\libc_nano.a(lib_a-init.o)
                              c:/st/stm32cubeide_1.3.0/stm32cubeide/plugins/com.st.stm32cube.ide.mcu.externaltools.gnu-tools-for-stm32.7-2018-q2-update.win32_1.0.0.201904181610/tools/bin/../lib/gcc/arm-none-eabi/7.3.1/../../../../arm-none-eabi/lib/thumb/v7-m/crt0.o (__libc_init_array)
c:/st/stm32cubeide_1.3.0/stm32cubeide/plugins/com.st.stm32cube.ide.mcu.externaltools.gnu-tools-for-stm32.7-2018-q2-update.win32_1.0.0.201904181610/tools/bin/../lib/gcc/arm-none-eabi/7.3.1/../../../../arm-none-eabi/lib/thumb/v7-m\libc_nano.a(lib_a-memset.o)
                              c:/st/stm32cubeide_1.3.0/stm32cubeide/plugins/com.st.stm32cube.ide.mcu.externaltools.gnu-tools-for-stm32.7-2018-q2-update.win32_1.0.0.201904181610/tools/bin/../lib/gcc/arm-none-eabi/7.3.1/../../../../arm-none-eabi/lib/thumb/v7-m/crt0.o (memset)
c:/st/stm32cubeide_1.3.0/stm32cubeide/plugins/com.st.stm32cube.ide.mcu.externaltools.gnu-tools-for-stm32.7-2018-q2-update.win32_1.0.0.201904181610/tools/bin/../lib/gcc/arm-none-eabi/7.3.1/../../../../arm-none-eabi/lib/thumb/v7-m\libc_nano.a(lib_a-strlen.o)
                              Src/fonts.o (strlen)

Allocating common symbols
Common symbol       size              file

hi2c1               0x54              Src/main.o
uwTick              0x4               Drivers/STM32F1xx_HAL_Driver/Src/stm32f1xx_hal.o
pFlash              0x20              Drivers/STM32F1xx_HAL_Driver/Src/stm32f1xx_hal_flash.o

Discarded input sections

 .text          0x0000000000000000        0x0 c:/st/stm32cubeide_1.3.0/stm32cubeide/plugins/com.st.stm32cube.ide.mcu.externaltools.gnu-tools-for-stm32.7-2018-q2-update.win32_1.0.0.201904181610/tools/bin/../lib/gcc/arm-none-eabi/7.3.1/thumb/v7-m/crti.o
 .data          0x0000000000000000        0x0 c:/st/stm32cubeide_1.3.0/stm32cubeide/plugins/com.st.stm32cube.ide.mcu.externaltools.gnu-tools-for-stm32.7-2018-q2-update.win32_1.0.0.201904181610/tools/bin/../lib/gcc/arm-none-eabi/7.3.1/thumb/v7-m/crti.o
 .bss           0x0000000000000000        0x0 c:/st/stm32cubeide_1.3.0/stm32cubeide/plugins/com.st.stm32cube.ide.mcu.externaltools.gnu-tools-for-stm32.7-2018-q2-update.win32_1.0.0.201904181610/tools/bin/../lib/gcc/arm-none-eabi/7.3.1/thumb/v7-m/crti.o
 .data          0x0000000000000000        0x4 c:/st/stm32cubeide_1.3.0/stm32cubeide/plugins/com.st.stm32cube.ide.mcu.externaltools.gnu-tools-for-stm32.7-2018-q2-update.win32_1.0.0.201904181610/tools/bin/../lib/gcc/arm-none-eabi/7.3.1/thumb/v7-m/crtbegin.o
 .text          0x0000000000000000       0x74 c:/st/stm32cubeide_1.3.0/stm32cubeide/plugins/com.st.stm32cube.ide.mcu.externaltools.gnu-tools-for-stm32.7-2018-q2-update.win32_1.0.0.201904181610/tools/bin/../lib/gcc/arm-none-eabi/7.3.1/../../../../arm-none-eabi/lib/thumb/v7-m/crt0.o
 .data          0x0000000000000000        0x0 c:/st/stm32cubeide_1.3.0/stm32cubeide/plugins/com.st.stm32cube.ide.mcu.externaltools.gnu-tools-for-stm32.7-2018-q2-update.win32_1.0.0.201904181610/tools/bin/../lib/gcc/arm-none-eabi/7.3.1/../../../../arm-none-eabi/lib/thumb/v7-m/crt0.o
[...]
Memory Configuration

Name             Origin             Length             Attributes
RAM              0x0000000020000000 0x0000000000005000 xrw
FLASH            0x0000000008000000 0x0000000000010000 xr
*default*        0x0000000000000000 0xffffffffffffffff

Linker script and memory map

LOAD c:/st/stm32cubeide_1.3.0/stm32cubeide/plugins/com.st.stm32cube.ide.mcu.externaltools.gnu-tools-for-stm32.7-2018-q2-update.win32_1.0.0.201904181610/tools/bin/../lib/gcc/arm-none-eabi/7.3.1/thumb/v7-m/crti.o
LOAD c:/st/stm32cubeide_1.3.0/stm32cubeide/plugins/com.st.stm32cube.ide.mcu.externaltools.gnu-tools-for-stm32.7-2018-q2-update.win32_1.0.0.201904181610/tools/bin/../lib/gcc/arm-none-eabi/7.3.1/thumb/v7-m/crtbegin.o
LOAD c:/st/stm32cubeide_1.3.0/stm32cubeide/plugins/com.st.stm32cube.ide.mcu.externaltools.gnu-tools-for-stm32.7-2018-q2-update.win32_1.0.0.201904181610/tools/bin/../lib/gcc/arm-none-eabi/7.3.1/../../../../arm-none-eabi/lib/thumb/v7-m/crt0.o
LOAD Drivers/STM32F1xx_HAL_Driver/Src/stm32f1xx_hal.o
LOAD Drivers/STM32F1xx_HAL_Driver/Src/stm32f1xx_hal_cortex.o
LOAD Drivers/STM32F1xx_HAL_Driver/Src/stm32f1xx_hal_dma.o
LOAD Drivers/STM32F1xx_HAL_Driver/Src/stm32f1xx_hal_exti.o
LOAD Drivers/STM32F1xx_HAL_Driver/Src/stm32f1xx_hal_flash.o
LOAD Drivers/STM32F1xx_HAL_Driver/Src/stm32f1xx_hal_flash_ex.o
LOAD Drivers/STM32F1xx_HAL_Driver/Src/stm32f1xx_hal_gpio.o
LOAD Drivers/STM32F1xx_HAL_Driver/Src/stm32f1xx_hal_gpio_ex.o
LOAD Drivers/STM32F1xx_HAL_Driver/Src/stm32f1xx_hal_i2c.o
LOAD Drivers/STM32F1xx_HAL_Driver/Src/stm32f1xx_hal_pwr.o
LOAD Drivers/STM32F1xx_HAL_Driver/Src/stm32f1xx_hal_rcc.o
LOAD Drivers/STM32F1xx_HAL_Driver/Src/stm32f1xx_hal_rcc_ex.o
LOAD Drivers/STM32F1xx_HAL_Driver/Src/stm32f1xx_hal_tim.o
LOAD Drivers/STM32F1xx_HAL_Driver/Src/stm32f1xx_hal_tim_ex.o
LOAD Src/fonts.o
LOAD Src/main.o
LOAD Src/ssd1306.o
LOAD Src/stm32f1xx_hal_msp.o
LOAD Src/stm32f1xx_it.o
LOAD Src/syscalls.o
LOAD Src/system_stm32f1xx.o
LOAD Src/test.o
LOAD startup/startup_stm32f103xb.o
START GROUP
LOAD c:/st/stm32cubeide_1.3.0/stm32cubeide/plugins/com.st.stm32cube.ide.mcu.externaltools.gnu-tools-for-stm32.7-2018-q2-update.win32_1.0.0.201904181610/tools/bin/../lib/gcc/arm-none-eabi/7.3.1/../../../../arm-none-eabi/lib/thumb/v7-m\libc_nano.a
LOAD c:/st/stm32cubeide_1.3.0/stm32cubeide/plugins/com.st.stm32cube.ide.mcu.externaltools.gnu-tools-for-stm32.7-2018-q2-update.win32_1.0.0.201904181610/tools/bin/../lib/gcc/arm-none-eabi/7.3.1/../../../../arm-none-eabi/lib/thumb/v7-m\libm.a
END GROUP
START GROUP
LOAD c:/st/stm32cubeide_1.3.0/stm32cubeide/plugins/com.st.stm32cube.ide.mcu.externaltools.gnu-tools-for-stm32.7-2018-q2-update.win32_1.0.0.201904181610/tools/bin/../lib/gcc/arm-none-eabi/7.3.1/thumb/v7-m\libgcc.a
LOAD c:/st/stm32cubeide_1.3.0/stm32cubeide/plugins/com.st.stm32cube.ide.mcu.externaltools.gnu-tools-for-stm32.7-2018-q2-update.win32_1.0.0.201904181610/tools/bin/../lib/gcc/arm-none-eabi/7.3.1/../../../../arm-none-eabi/lib/thumb/v7-m\libc_nano.a
END GROUP
START GROUP
LOAD c:/st/stm32cubeide_1.3.0/stm32cubeide/plugins/com.st.stm32cube.ide.mcu.externaltools.gnu-tools-for-stm32.7-2018-q2-update.win32_1.0.0.201904181610/tools/bin/../lib/gcc/arm-none-eabi/7.3.1/thumb/v7-m\libgcc.a
LOAD c:/st/stm32cubeide_1.3.0/stm32cubeide/plugins/com.st.stm32cube.ide.mcu.externaltools.gnu-tools-for-stm32.7-2018-q2-update.win32_1.0.0.201904181610/tools/bin/../lib/gcc/arm-none-eabi/7.3.1/../../../../arm-none-eabi/lib/thumb/v7-m\libc_nano.a
LOAD c:/st/stm32cubeide_1.3.0/stm32cubeide/plugins/com.st.stm32cube.ide.mcu.externaltools.gnu-tools-for-stm32.7-2018-q2-update.win32_1.0.0.201904181610/tools/bin/../lib/gcc/arm-none-eabi/7.3.1/../../../../arm-none-eabi/lib/thumb/v7-m\libnosys.a
END GROUP
START GROUP
LOAD c:/st/stm32cubeide_1.3.0/stm32cubeide/plugins/com.st.stm32cube.ide.mcu.externaltools.gnu-tools-for-stm32.7-2018-q2-update.win32_1.0.0.201904181610/tools/bin/../lib/gcc/arm-none-eabi/7.3.1/thumb/v7-m\libgcc.a
LOAD c:/st/stm32cubeide_1.3.0/stm32cubeide/plugins/com.st.stm32cube.ide.mcu.externaltools.gnu-tools-for-stm32.7-2018-q2-update.win32_1.0.0.201904181610/tools/bin/../lib/gcc/arm-none-eabi/7.3.1/../../../../arm-none-eabi/lib/thumb/v7-m\libc_nano.a
LOAD c:/st/stm32cubeide_1.3.0/stm32cubeide/plugins/com.st.stm32cube.ide.mcu.externaltools.gnu-tools-for-stm32.7-2018-q2-update.win32_1.0.0.201904181610/tools/bin/../lib/gcc/arm-none-eabi/7.3.1/../../../../arm-none-eabi/lib/thumb/v7-m\libnosys.a
END GROUP
LOAD c:/st/stm32cubeide_1.3.0/stm32cubeide/plugins/com.st.stm32cube.ide.mcu.externaltools.gnu-tools-for-stm32.7-2018-q2-update.win32_1.0.0.201904181610/tools/bin/../lib/gcc/arm-none-eabi/7.3.1/thumb/v7-m/crtend.o
LOAD c:/st/stm32cubeide_1.3.0/stm32cubeide/plugins/com.st.stm32cube.ide.mcu.externaltools.gnu-tools-for-stm32.7-2018-q2-update.win32_1.0.0.201904181610/tools/bin/../lib/gcc/arm-none-eabi/7.3.1/thumb/v7-m/crtn.o
                0x0000000020005000                _estack = 0x20005000
                0x0000000000000200                _Min_Heap_Size = 0x200
                0x0000000000000400                _Min_Stack_Size = 0x400

.isr_vector     0x0000000008000000      0x10c
                0x0000000008000000                . = ALIGN (0x4)
 *(.isr_vector)
 .isr_vector    0x0000000008000000      0x10c startup/startup_stm32f103xb.o
                0x0000000008000000                g_pfnVectors
                0x000000000800010c                . = ALIGN (0x4)

.text           0x000000000800010c     0x1b44
                0x000000000800010c                . = ALIGN (0x4)
 *(.text)
 .text          0x000000000800010c       0x40 c:/st/stm32cubeide_1.3.0/stm32cubeide/plugins/com.st.stm32cube.ide.mcu.externaltools.gnu-tools-for-stm32.7-2018-q2-update.win32_1.0.0.201904181610/tools/bin/../lib/gcc/arm-none-eabi/7.3.1/thumb/v7-m/crtbegin.o
 *(.text*)
 .text.HAL_InitTick
                0x000000000800014c       0x48 Drivers/STM32F1xx_HAL_Driver/Src/stm32f1xx_hal.o
                0x000000000800014c                HAL_InitTick
 .text.HAL_Init
                0x0000000008000194       0x24 Drivers/STM32F1xx_HAL_Driver/Src/stm32f1xx_hal.o
                0x0000000008000194                HAL_Init
 .text.HAL_IncTick
                0x00000000080001b8       0x18 Drivers/STM32F1xx_HAL_Driver/Src/stm32f1xx_hal.o
                0x00000000080001b8                HAL_IncTick
 .text.HAL_GetTick
                0x00000000080001d0        0xc Drivers/STM32F1xx_HAL_Driver/Src/stm32f1xx_hal.o
                0x00000000080001d0                HAL_GetTick
 .text.HAL_Delay
                0x00000000080001dc       0x28 Drivers/STM32F1xx_HAL_Driver/Src/stm32f1xx_hal.o
                0x00000000080001dc                HAL_Delay
 .text.HAL_NVIC_SetPriorityGrouping
                0x0000000008000204       0x24 Drivers/STM32F1xx_HAL_Driver/Src/stm32f1xx_hal_cortex.o
                0x0000000008000204                HAL_NVIC_SetPriorityGrouping
 .text.HAL_NVIC_SetPriority
                0x0000000008000228       0x68 Drivers/STM32F1xx_HAL_Driver/Src/stm32f1xx_hal_cortex.o
                0x0000000008000228                HAL_NVIC_SetPriority
 .text.HAL_SYSTICK_Config
                0x0000000008000290       0x2c Drivers/STM32F1xx_HAL_Driver/Src/stm32f1xx_hal_cortex.o
                0x0000000008000290                HAL_SYSTICK_Config
 .text.HAL_GPIO_Init
                0x00000000080002bc      0x1d8 Drivers/STM32F1xx_HAL_Driver/Src/stm32f1xx_hal_gpio.o
                0x00000000080002bc                HAL_GPIO_Init
 .text.I2C_IsAcknowledgeFailed
                0x0000000008000494       0x32 Drivers/STM32F1xx_HAL_Driver/Src/stm32f1xx_hal_i2c.o
 .text.I2C_WaitOnFlagUntilTimeout
                0x00000000080004c6       0x70 Drivers/STM32F1xx_HAL_Driver/Src/stm32f1xx_hal_i2c.o
 .text.I2C_WaitOnMasterAddressFlagUntilTimeout
                0x0000000008000536       0xa4 Drivers/STM32F1xx_HAL_Driver/Src/stm32f1xx_hal_i2c.o
 *fill*         0x00000000080005da        0x2 
 .text.I2C_MasterRequestWrite
                0x00000000080005dc       0xa8 Drivers/STM32F1xx_HAL_Driver/Src/stm32f1xx_hal_i2c.o
 .text.I2C_WaitOnTXEFlagUntilTimeout
                0x0000000008000684       0x54 Drivers/STM32F1xx_HAL_Driver/Src/stm32f1xx_hal_i2c.o
 .text.I2C_WaitOnBTFFlagUntilTimeout
                0x00000000080006d8       0x54 Drivers/STM32F1xx_HAL_Driver/Src/stm32f1xx_hal_i2c.o
 .text.HAL_I2C_Init
                0x000000000800072c      0x1a0 Drivers/STM32F1xx_HAL_Driver/Src/stm32f1xx_hal_i2c.o
                0x000000000800072c                HAL_I2C_Init
 .text.HAL_I2C_Master_Transmit
                0x00000000080008cc      0x174 Drivers/STM32F1xx_HAL_Driver/Src/stm32f1xx_hal_i2c.o
                0x00000000080008cc                HAL_I2C_Master_Transmit
 .text.HAL_I2C_IsDeviceReady
                0x0000000008000a40      0x184 Drivers/STM32F1xx_HAL_Driver/Src/stm32f1xx_hal_i2c.o
                0x0000000008000a40                HAL_I2C_IsDeviceReady
 .text.RCC_Delay
                0x0000000008000bc4       0x2c Drivers/STM32F1xx_HAL_Driver/Src/stm32f1xx_hal_rcc.o
 .text.HAL_RCC_OscConfig
                0x0000000008000bf0      0x410 Drivers/STM32F1xx_HAL_Driver/Src/stm32f1xx_hal_rcc.o
                0x0000000008000bf0                HAL_RCC_OscConfig
 .text.HAL_RCC_GetSysClockFreq
                0x0000000008001000       0x70 Drivers/STM32F1xx_HAL_Driver/Src/stm32f1xx_hal_rcc.o
                0x0000000008001000                HAL_RCC_GetSysClockFreq
 .text.HAL_RCC_ClockConfig
                0x0000000008001070      0x168 Drivers/STM32F1xx_HAL_Driver/Src/stm32f1xx_hal_rcc.o
                0x0000000008001070                HAL_RCC_ClockConfig
 .text.HAL_RCC_GetHCLKFreq
                0x00000000080011d8        0xc Drivers/STM32F1xx_HAL_Driver/Src/stm32f1xx_hal_rcc.o
                0x00000000080011d8                HAL_RCC_GetHCLKFreq
 .text.HAL_RCC_GetPCLK1Freq
                0x00000000080011e4       0x20 Drivers/STM32F1xx_HAL_Driver/Src/stm32f1xx_hal_rcc.o
                0x00000000080011e4                HAL_RCC_GetPCLK1Freq
 .text.MX_GPIO_Init
                0x0000000008001204       0x44 Src/main.o
 .text.MX_I2C1_Init
                0x0000000008001248       0x34 Src/main.o
 .text.SystemClock_Config
                0x000000000800127c       0x52 Src/main.o
                0x000000000800127c                SystemClock_Config
 *fill*         0x00000000080012ce        0x2 
 .text.main     0x00000000080012d0      0x21c Src/main.o
                0x00000000080012d0                main
 .text.SSD1306_Fill
                0x00000000080014ec       0x1c Src/ssd1306.o
                0x00000000080014ec                SSD1306_Fill
 .text.SSD1306_DrawPixel
                0x0000000008001508       0x50 Src/ssd1306.o
                0x0000000008001508                SSD1306_DrawPixel
 .text.SSD1306_DrawBitmap
                0x0000000008001558       0x90 Src/ssd1306.o
                0x0000000008001558                SSD1306_DrawBitmap
 .text.SSD1306_GotoXY
                0x00000000080015e8        0xc Src/ssd1306.o
                0x00000000080015e8                SSD1306_GotoXY
 .text.SSD1306_Putc
                0x00000000080015f4       0x9c Src/ssd1306.o
                0x00000000080015f4                SSD1306_Putc
 .text.SSD1306_Puts
                0x0000000008001690       0x24 Src/ssd1306.o
                0x0000000008001690                SSD1306_Puts
 .text.ssd1306_I2C_WriteMulti
                0x00000000080016b4       0x38 Src/ssd1306.o
                0x00000000080016b4                ssd1306_I2C_WriteMulti
 .text.ssd1306_I2C_Write
                0x00000000080016ec       0x28 Src/ssd1306.o
                0x00000000080016ec                ssd1306_I2C_Write
 .text.SSD1306_ScrollRight
                0x0000000008001714       0x58 Src/ssd1306.o
                0x0000000008001714                SSD1306_ScrollRight
 .text.SSD1306_ScrollLeft
                0x000000000800176c       0x58 Src/ssd1306.o
                0x000000000800176c                SSD1306_ScrollLeft
 .text.SSD1306_Scrolldiagright
                0x00000000080017c4       0x6c Src/ssd1306.o
                0x00000000080017c4                SSD1306_Scrolldiagright
 .text.SSD1306_Scrolldiagleft
                0x0000000008001830       0x6c Src/ssd1306.o
                0x0000000008001830                SSD1306_Scrolldiagleft
 .text.SSD1306_Stopscroll
                0x000000000800189c        0xe Src/ssd1306.o
                0x000000000800189c                SSD1306_Stopscroll
 .text.SSD1306_InvertDisplay
                0x00000000080018aa       0x1c Src/ssd1306.o
                0x00000000080018aa                SSD1306_InvertDisplay
 *fill*         0x00000000080018c6        0x2 
 .text.SSD1306_UpdateScreen
                0x00000000080018c8       0x48 Src/ssd1306.o
                0x00000000080018c8                SSD1306_UpdateScreen
 .text.SSD1306_Clear
                0x0000000008001910        0xe Src/ssd1306.o
                0x0000000008001910                SSD1306_Clear
 *fill*         0x000000000800191e        0x2 
 .text.SSD1306_Init
                0x0000000008001920      0x168 Src/ssd1306.o
                0x0000000008001920                SSD1306_Init
 .text.HAL_MspInit
                0x0000000008001a88       0x44 Src/stm32f1xx_hal_msp.o
                0x0000000008001a88                HAL_MspInit
 .text.HAL_I2C_MspInit
                0x0000000008001acc       0x64 Src/stm32f1xx_hal_msp.o
                0x0000000008001acc                HAL_I2C_MspInit
 .text.NMI_Handler
                0x0000000008001b30        0x2 Src/stm32f1xx_it.o
                0x0000000008001b30                NMI_Handler
 .text.HardFault_Handler
                0x0000000008001b32        0x2 Src/stm32f1xx_it.o
                0x0000000008001b32                HardFault_Handler
 .text.MemManage_Handler
                0x0000000008001b34        0x2 Src/stm32f1xx_it.o
                0x0000000008001b34                MemManage_Handler
 .text.BusFault_Handler
                0x0000000008001b36        0x2 Src/stm32f1xx_it.o
                0x0000000008001b36                BusFault_Handler
 .text.UsageFault_Handler
                0x0000000008001b38        0x2 Src/stm32f1xx_it.o
                0x0000000008001b38                UsageFault_Handler
 .text.SVC_Handler
                0x0000000008001b3a        0x2 Src/stm32f1xx_it.o
                0x0000000008001b3a                SVC_Handler
 .text.DebugMon_Handler
                0x0000000008001b3c        0x2 Src/stm32f1xx_it.o
                0x0000000008001b3c                DebugMon_Handler
 .text.PendSV_Handler
                0x0000000008001b3e        0x2 Src/stm32f1xx_it.o
                0x0000000008001b3e                PendSV_Handler
 .text.SysTick_Handler
                0x0000000008001b40        0x8 Src/stm32f1xx_it.o
                0x0000000008001b40                SysTick_Handler
 .text.SystemInit
                0x0000000008001b48       0x4c Src/system_stm32f1xx.o
                0x0000000008001b48                SystemInit
 .text.Reset_Handler
                0x0000000008001b94       0x48 startup/startup_stm32f103xb.o
                0x0000000008001b94                Reset_Handler
 .text.Default_Handler
                0x0000000008001bdc        0x2 startup/startup_stm32f103xb.o
                0x0000000008001bdc                RTC_Alarm_IRQHandler
                0x0000000008001bdc                EXTI2_IRQHandler
                0x0000000008001bdc                TIM1_CC_IRQHandler
                0x0000000008001bdc                PVD_IRQHandler
                0x0000000008001bdc                EXTI3_IRQHandler
                0x0000000008001bdc                EXTI0_IRQHandler
                0x0000000008001bdc                I2C2_EV_IRQHandler
                0x0000000008001bdc                ADC1_2_IRQHandler
                0x0000000008001bdc                SPI1_IRQHandler
                0x0000000008001bdc                TAMPER_IRQHandler
                0x0000000008001bdc                DMA1_Channel4_IRQHandler
                0x0000000008001bdc                USART3_IRQHandler
                0x0000000008001bdc                RTC_IRQHandler
                0x0000000008001bdc                DMA1_Channel7_IRQHandler
                0x0000000008001bdc                CAN1_RX1_IRQHandler
                0x0000000008001bdc                TIM4_IRQHandler
                0x0000000008001bdc                I2C1_EV_IRQHandler
                0x0000000008001bdc                DMA1_Channel6_IRQHandler
                0x0000000008001bdc                TIM3_IRQHandler
                0x0000000008001bdc                RCC_IRQHandler
                0x0000000008001bdc                TIM1_TRG_COM_IRQHandler
                0x0000000008001bdc                DMA1_Channel1_IRQHandler
                0x0000000008001bdc                Default_Handler
                0x0000000008001bdc                EXTI15_10_IRQHandler
                0x0000000008001bdc                EXTI9_5_IRQHandler
                0x0000000008001bdc                SPI2_IRQHandler
                0x0000000008001bdc                DMA1_Channel5_IRQHandler
                0x0000000008001bdc                EXTI4_IRQHandler
                0x0000000008001bdc                USB_LP_CAN1_RX0_IRQHandler
                0x0000000008001bdc                USB_HP_CAN1_TX_IRQHandler
                0x0000000008001bdc                DMA1_Channel3_IRQHandler
                0x0000000008001bdc                TIM1_UP_IRQHandler
                0x0000000008001bdc                WWDG_IRQHandler
                0x0000000008001bdc                TIM2_IRQHandler
                0x0000000008001bdc                TIM1_BRK_IRQHandler
                0x0000000008001bdc                EXTI1_IRQHandler
                0x0000000008001bdc                USART2_IRQHandler
                0x0000000008001bdc                I2C2_ER_IRQHandler
                0x0000000008001bdc                DMA1_Channel2_IRQHandler
                0x0000000008001bdc                CAN1_SCE_IRQHandler
                0x0000000008001bdc                FLASH_IRQHandler
                0x0000000008001bdc                USART1_IRQHandler
                0x0000000008001bdc                I2C1_ER_IRQHandler
                0x0000000008001bdc                USBWakeUp_IRQHandler
 *fill*         0x0000000008001bde        0x2 
 .text.__libc_init_array
                0x0000000008001be0       0x48 c:/st/stm32cubeide_1.3.0/stm32cubeide/plugins/com.st.stm32cube.ide.mcu.externaltools.gnu-tools-for-stm32.7-2018-q2-update.win32_1.0.0.201904181610/tools/bin/../lib/gcc/arm-none-eabi/7.3.1/../../../../arm-none-eabi/lib/thumb/v7-m\libc_nano.a(lib_a-init.o)
                0x0000000008001be0                __libc_init_array
 .text.memset   0x0000000008001c28       0x10 c:/st/stm32cubeide_1.3.0/stm32cubeide/plugins/com.st.stm32cube.ide.mcu.externaltools.gnu-tools-for-stm32.7-2018-q2-update.win32_1.0.0.201904181610/tools/bin/../lib/gcc/arm-none-eabi/7.3.1/../../../../arm-none-eabi/lib/thumb/v7-m\libc_nano.a(lib_a-memset.o)
                0x0000000008001c28                memset
 *(.glue_7)
 .glue_7        0x0000000008001c38        0x0 linker stubs
 *(.glue_7t)
 .glue_7t       0x0000000008001c38        0x0 linker stubs
 *(.eh_frame)
 .eh_frame      0x0000000008001c38        0x0 c:/st/stm32cubeide_1.3.0/stm32cubeide/plugins/com.st.stm32cube.ide.mcu.externaltools.gnu-tools-for-stm32.7-2018-q2-update.win32_1.0.0.201904181610/tools/bin/../lib/gcc/arm-none-eabi/7.3.1/thumb/v7-m/crtbegin.o
 *(.init)
 .init          0x0000000008001c38        0x4 c:/st/stm32cubeide_1.3.0/stm32cubeide/plugins/com.st.stm32cube.ide.mcu.externaltools.gnu-tools-for-stm32.7-2018-q2-update.win32_1.0.0.201904181610/tools/bin/../lib/gcc/arm-none-eabi/7.3.1/thumb/v7-m/crti.o
                0x0000000008001c38                _init
 .init          0x0000000008001c3c        0x8 c:/st/stm32cubeide_1.3.0/stm32cubeide/plugins/com.st.stm32cube.ide.mcu.externaltools.gnu-tools-for-stm32.7-2018-q2-update.win32_1.0.0.201904181610/tools/bin/../lib/gcc/arm-none-eabi/7.3.1/thumb/v7-m/crtn.o
 *(.fini)
 .fini          0x0000000008001c44        0x4 c:/st/stm32cubeide_1.3.0/stm32cubeide/plugins/com.st.stm32cube.ide.mcu.externaltools.gnu-tools-for-stm32.7-2018-q2-update.win32_1.0.0.201904181610/tools/bin/../lib/gcc/arm-none-eabi/7.3.1/thumb/v7-m/crti.o
                0x0000000008001c44                _fini
 .fini          0x0000000008001c48        0x8 c:/st/stm32cubeide_1.3.0/stm32cubeide/plugins/com.st.stm32cube.ide.mcu.externaltools.gnu-tools-for-stm32.7-2018-q2-update.win32_1.0.0.201904181610/tools/bin/../lib/gcc/arm-none-eabi/7.3.1/thumb/v7-m/crtn.o
                0x0000000008001c50                . = ALIGN (0x4)
                0x0000000008001c50                _etext = .

.vfp11_veneer   0x0000000008001c50        0x0
 .vfp11_veneer  0x0000000008001c50        0x0 linker stubs

.v4_bx          0x0000000008001c50        0x0
 .v4_bx         0x0000000008001c50        0x0 linker stubs

.iplt           0x0000000008001c50        0x0
 .iplt          0x0000000008001c50        0x0 c:/st/stm32cubeide_1.3.0/stm32cubeide/plugins/com.st.stm32cube.ide.mcu.externaltools.gnu-tools-for-stm32.7-2018-q2-update.win32_1.0.0.201904181610/tools/bin/../lib/gcc/arm-none-eabi/7.3.1/thumb/v7-m/crtbegin.o

.rodata         0x0000000008001c50     0x5450
                0x0000000008001c50                . = ALIGN (0x4)
 *(.rodata)
 .rodata        0x0000000008001c50       0x12 Drivers/STM32F1xx_HAL_Driver/Src/stm32f1xx_hal_rcc.o
 *fill*         0x0000000008001c62        0x2 
 .rodata        0x0000000008001c64     0x2814 Src/fonts.o
                0x0000000008001c64                Font16x26
                0x0000000008002fb0                Font11x18
                0x0000000008003d0c                Font7x10
 .rodata        0x0000000008004478     0x2c00 Src/main.o
                0x0000000008004478                logo
                0x0000000008004878                horse1
                0x0000000008004c78                horse2
                0x0000000008005078                horse3
                0x0000000008005478                horse4
                0x0000000008005878                horse5
                0x0000000008005c78                horse6
                0x0000000008006078                horse7
                0x0000000008006478                horse8
                0x0000000008006878                horse9
                0x0000000008006c78                horse10
 .rodata        0x0000000008007078       0x18 Src/system_stm32f1xx.o
                0x0000000008007078                AHBPrescTable
                0x0000000008007088                APBPrescTable
 *(.rodata*)
 .rodata.str1.4
                0x0000000008007090       0x10 Src/main.o
                0x00000000080070a0                . = ALIGN (0x4)

.rel.dyn        0x00000000080070a0        0x0
 .rel.iplt      0x00000000080070a0        0x0 c:/st/stm32cubeide_1.3.0/stm32cubeide/plugins/com.st.stm32cube.ide.mcu.externaltools.gnu-tools-for-stm32.7-2018-q2-update.win32_1.0.0.201904181610/tools/bin/../lib/gcc/arm-none-eabi/7.3.1/thumb/v7-m/crtbegin.o

.ARM.extab
 *(.ARM.extab* .gnu.linkonce.armextab.*)

.ARM            0x00000000080070a0        0x0
                0x00000000080070a0                __exidx_start = .
 *(.ARM.exidx*)
                0x00000000080070a0                __exidx_end = .

.preinit_array  0x00000000080070a0        0x0
                0x00000000080070a0                PROVIDE (__preinit_array_start = .)
 *(.preinit_array*)
                0x00000000080070a0                PROVIDE (__preinit_array_end = .)

.init_array     0x00000000080070a0        0x4
                0x00000000080070a0                PROVIDE (__init_array_start = .)
 *(SORT_BY_NAME(.init_array.*))
 *(.init_array*)
 .init_array    0x00000000080070a0        0x4 c:/st/stm32cubeide_1.3.0/stm32cubeide/plugins/com.st.stm32cube.ide.mcu.externaltools.gnu-tools-for-stm32.7-2018-q2-update.win32_1.0.0.201904181610/tools/bin/../lib/gcc/arm-none-eabi/7.3.1/thumb/v7-m/crtbegin.o
                0x00000000080070a4                PROVIDE (__init_array_end = .)

.fini_array     0x00000000080070a4        0x4
                [!provide]                        PROVIDE (__fini_array_start = .)
 *(SORT_BY_NAME(.fini_array.*))
 *(.fini_array*)
 .fini_array    0x00000000080070a4        0x4 c:/st/stm32cubeide_1.3.0/stm32cubeide/plugins/com.st.stm32cube.ide.mcu.externaltools.gnu-tools-for-stm32.7-2018-q2-update.win32_1.0.0.201904181610/tools/bin/../lib/gcc/arm-none-eabi/7.3.1/thumb/v7-m/crtbegin.o
                [!provide]                        PROVIDE (__fini_array_end = .)
                0x00000000080070a8                _sidata = LOADADDR (.data)

.data           0x0000000020000000       0x24 load address 0x00000000080070a8
                0x0000000020000000                . = ALIGN (0x4)
                0x0000000020000000                _sdata = .
 *(.data)
 .data          0x0000000020000000        0x8 Drivers/STM32F1xx_HAL_Driver/Src/stm32f1xx_hal.o
                0x0000000020000000                uwTickFreq
                0x0000000020000004                uwTickPrio
 .data          0x0000000020000008       0x18 Src/fonts.o
                0x0000000020000008                Font_16x26
                0x0000000020000010                Font_11x18
                0x0000000020000018                Font_7x10
 .data          0x0000000020000020        0x4 Src/system_stm32f1xx.o
                0x0000000020000020                SystemCoreClock
 *(.data*)
                0x0000000020000024                . = ALIGN (0x4)
                0x0000000020000024                _edata = .

.igot.plt       0x0000000020000024        0x0 load address 0x00000000080070cc
 .igot.plt      0x0000000020000024        0x0 c:/st/stm32cubeide_1.3.0/stm32cubeide/plugins/com.st.stm32cube.ide.mcu.externaltools.gnu-tools-for-stm32.7-2018-q2-update.win32_1.0.0.201904181610/tools/bin/../lib/gcc/arm-none-eabi/7.3.1/thumb/v7-m/crtbegin.o
                0x0000000020000024                . = ALIGN (0x4)

.bss            0x0000000020000024      0x47c load address 0x00000000080070cc
                0x0000000020000024                _sbss = .
                0x0000000020000024                __bss_start__ = _sbss
 *(.bss)
 .bss           0x0000000020000024       0x1c c:/st/stm32cubeide_1.3.0/stm32cubeide/plugins/com.st.stm32cube.ide.mcu.externaltools.gnu-tools-for-stm32.7-2018-q2-update.win32_1.0.0.201904181610/tools/bin/../lib/gcc/arm-none-eabi/7.3.1/thumb/v7-m/crtbegin.o
 .bss           0x0000000020000040      0x408 Src/ssd1306.o
 *(.bss*)
 *(COMMON)
 COMMON         0x0000000020000448        0x4 Drivers/STM32F1xx_HAL_Driver/Src/stm32f1xx_hal.o
                0x0000000020000448                uwTick
 COMMON         0x000000002000044c       0x54 Src/main.o
                0x000000002000044c                hi2c1
                0x00000000200004a0                . = ALIGN (0x4)
                0x00000000200004a0                _ebss = .
                0x00000000200004a0                __bss_end__ = _ebss

._user_heap_stack
                0x00000000200004a0      0x600 load address 0x00000000080070cc
                0x00000000200004a0                . = ALIGN (0x8)
                0x00000000200004a0                PROVIDE (end = .)
                [!provide]                        PROVIDE (_end = .)
                0x00000000200006a0                . = (. + _Min_Heap_Size)
 *fill*         0x00000000200004a0      0x200 
                0x0000000020000aa0                . = (. + _Min_Stack_Size)
 *fill*         0x00000000200006a0      0x400 
                0x0000000020000aa0                . = ALIGN (0x8)

/DISCARD/
 libc.a(*)
 libm.a(*)
 libgcc.a(*)

.ARM.attributes
                0x0000000000000000       0x29
 *(.ARM.attributes)
 .ARM.attributes
                0x0000000000000000       0x1d c:/st/stm32cubeide_1.3.0/stm32cubeide/plugins/com.st.stm32cube.ide.mcu.externaltools.gnu-tools-for-stm32.7-2018-q2-update.win32_1.0.0.201904181610/tools/bin/../lib/gcc/arm-none-eabi/7.3.1/thumb/v7-m/crti.o
 .ARM.attributes
                0x000000000000001d       0x2d c:/st/stm32cubeide_1.3.0/stm32cubeide/plugins/com.st.stm32cube.ide.mcu.externaltools.gnu-tools-for-stm32.7-2018-q2-update.win32_1.0.0.201904181610/tools/bin/../lib/gcc/arm-none-eabi/7.3.1/thumb/v7-m/crtbegin.o
 .ARM.attributes
                0x000000000000004a       0x33 Drivers/STM32F1xx_HAL_Driver/Src/stm32f1xx_hal.o
 .ARM.attributes
                0x000000000000007d       0x33 Drivers/STM32F1xx_HAL_Driver/Src/stm32f1xx_hal_cortex.o
 .ARM.attributes
                0x00000000000000b0       0x33 Drivers/STM32F1xx_HAL_Driver/Src/stm32f1xx_hal_gpio.o
 .ARM.attributes
                0x00000000000000e3       0x33 Drivers/STM32F1xx_HAL_Driver/Src/stm32f1xx_hal_i2c.o
 .ARM.attributes
                0x0000000000000116       0x33 Drivers/STM32F1xx_HAL_Driver/Src/stm32f1xx_hal_rcc.o
 .ARM.attributes
                0x0000000000000149       0x33 Src/fonts.o
 .ARM.attributes
                0x000000000000017c       0x33 Src/main.o
 .ARM.attributes
                0x00000000000001af       0x33 Src/ssd1306.o
 .ARM.attributes
                0x00000000000001e2       0x33 Src/stm32f1xx_hal_msp.o
 .ARM.attributes
                0x0000000000000215       0x33 Src/stm32f1xx_it.o
 .ARM.attributes
                0x0000000000000248       0x33 Src/system_stm32f1xx.o
 .ARM.attributes
                0x000000000000027b       0x21 startup/startup_stm32f103xb.o
 .ARM.attributes
                0x000000000000029c       0x2d c:/st/stm32cubeide_1.3.0/stm32cubeide/plugins/com.st.stm32cube.ide.mcu.externaltools.gnu-tools-for-stm32.7-2018-q2-update.win32_1.0.0.201904181610/tools/bin/../lib/gcc/arm-none-eabi/7.3.1/../../../../arm-none-eabi/lib/thumb/v7-m\libc_nano.a(lib_a-init.o)
 .ARM.attributes
                0x00000000000002c9       0x2d c:/st/stm32cubeide_1.3.0/stm32cubeide/plugins/com.st.stm32cube.ide.mcu.externaltools.gnu-tools-for-stm32.7-2018-q2-update.win32_1.0.0.201904181610/tools/bin/../lib/gcc/arm-none-eabi/7.3.1/../../../../arm-none-eabi/lib/thumb/v7-m\libc_nano.a(lib_a-memset.o)
 .ARM.attributes
                0x00000000000002f6       0x1d c:/st/stm32cubeide_1.3.0/stm32cubeide/plugins/com.st.stm32cube.ide.mcu.externaltools.gnu-tools-for-stm32.7-2018-q2-update.win32_1.0.0.201904181610/tools/bin/../lib/gcc/arm-none-eabi/7.3.1/thumb/v7-m/crtn.o
OUTPUT(oled.elf elf32-littlearm)

.debug_info     0x0000000000000000     0xb3af
 .debug_info    0x0000000000000000      0x7a9 Drivers/STM32F1xx_HAL_Driver/Src/stm32f1xx_hal.o
 .debug_info    0x00000000000007a9      0xcaa Drivers/STM32F1xx_HAL_Driver/Src/stm32f1xx_hal_cortex.o
 .debug_info    0x0000000000001453      0x690 Drivers/STM32F1xx_HAL_Driver/Src/stm32f1xx_hal_gpio.o
 .debug_info    0x0000000000001ae3     0x3386 Drivers/STM32F1xx_HAL_Driver/Src/stm32f1xx_hal_i2c.o
 .debug_info    0x0000000000004e69      0x9e4 Drivers/STM32F1xx_HAL_Driver/Src/stm32f1xx_hal_rcc.o
 .debug_info    0x000000000000584d      0xb2a Src/fonts.o
 .debug_info    0x0000000000006377     0x185b Src/main.o
 .debug_info    0x0000000000007bd2     0x2862 Src/ssd1306.o
 .debug_info    0x000000000000a434      0x90b Src/stm32f1xx_hal_msp.o
 .debug_info    0x000000000000ad3f      0x214 Src/stm32f1xx_it.o
 .debug_info    0x000000000000af53      0x43a Src/system_stm32f1xx.o
 .debug_info    0x000000000000b38d       0x22 startup/startup_stm32f103xb.o

.debug_abbrev   0x0000000000000000     0x177f
 .debug_abbrev  0x0000000000000000      0x1fe Drivers/STM32F1xx_HAL_Driver/Src/stm32f1xx_hal.o
 .debug_abbrev  0x00000000000001fe      0x303 Drivers/STM32F1xx_HAL_Driver/Src/stm32f1xx_hal_cortex.o
 .debug_abbrev  0x0000000000000501      0x1de Drivers/STM32F1xx_HAL_Driver/Src/stm32f1xx_hal_gpio.o
 .debug_abbrev  0x00000000000006df      0x282 Drivers/STM32F1xx_HAL_Driver/Src/stm32f1xx_hal_i2c.o
 .debug_abbrev  0x0000000000000961      0x257 Drivers/STM32F1xx_HAL_Driver/Src/stm32f1xx_hal_rcc.o
 .debug_abbrev  0x0000000000000bb8      0x206 Src/fonts.o
 .debug_abbrev  0x0000000000000dbe      0x29e Src/main.o
 .debug_abbrev  0x000000000000105c      0x35d Src/ssd1306.o
 .debug_abbrev  0x00000000000013b9      0x19c Src/stm32f1xx_hal_msp.o
 .debug_abbrev  0x0000000000001555       0xe4 Src/stm32f1xx_it.o
 .debug_abbrev  0x0000000000001639      0x134 Src/system_stm32f1xx.o
 .debug_abbrev  0x000000000000176d       0x12 startup/startup_stm32f103xb.o

.debug_loc      0x0000000000000000     0x5979
 .debug_loc     0x0000000000000000      0x104 Drivers/STM32F1xx_HAL_Driver/Src/stm32f1xx_hal.o
 .debug_loc     0x0000000000000104      0x5ad Drivers/STM32F1xx_HAL_Driver/Src/stm32f1xx_hal_cortex.o
 .debug_loc     0x00000000000006b1      0x3b7 Drivers/STM32F1xx_HAL_Driver/Src/stm32f1xx_hal_gpio.o
 .debug_loc     0x0000000000000a68     0x3710 Drivers/STM32F1xx_HAL_Driver/Src/stm32f1xx_hal_i2c.o
 .debug_loc     0x0000000000004178      0x4bb Drivers/STM32F1xx_HAL_Driver/Src/stm32f1xx_hal_rcc.o
 .debug_loc     0x0000000000004633       0x5d Src/fonts.o
 .debug_loc     0x0000000000004690     0x1196 Src/ssd1306.o
 .debug_loc     0x0000000000005826       0x74 Src/stm32f1xx_hal_msp.o
 .debug_loc     0x000000000000589a       0xdf Src/system_stm32f1xx.o

.debug_aranges  0x0000000000000000      0x720
 .debug_aranges
                0x0000000000000000       0xe0 Drivers/STM32F1xx_HAL_Driver/Src/stm32f1xx_hal.o
 .debug_aranges
                0x00000000000000e0       0x90 Drivers/STM32F1xx_HAL_Driver/Src/stm32f1xx_hal_cortex.o
 .debug_aranges
                0x0000000000000170       0x58 Drivers/STM32F1xx_HAL_Driver/Src/stm32f1xx_hal_gpio.o
 .debug_aranges
                0x00000000000001c8      0x290 Drivers/STM32F1xx_HAL_Driver/Src/stm32f1xx_hal_i2c.o
 .debug_aranges
                0x0000000000000458       0x90 Drivers/STM32F1xx_HAL_Driver/Src/stm32f1xx_hal_rcc.o
 .debug_aranges
                0x00000000000004e8       0x20 Src/fonts.o
 .debug_aranges
                0x0000000000000508       0x40 Src/main.o
 .debug_aranges
                0x0000000000000548       0xf8 Src/ssd1306.o
 .debug_aranges
                0x0000000000000640       0x30 Src/stm32f1xx_hal_msp.o
 .debug_aranges
                0x0000000000000670       0x60 Src/stm32f1xx_it.o
 .debug_aranges
                0x00000000000006d0       0x28 Src/system_stm32f1xx.o
 .debug_aranges
                0x00000000000006f8       0x28 startup/startup_stm32f103xb.o

.debug_ranges   0x0000000000000000      0x738
 .debug_ranges  0x0000000000000000       0xd0 Drivers/STM32F1xx_HAL_Driver/Src/stm32f1xx_hal.o
 .debug_ranges  0x00000000000000d0       0xe0 Drivers/STM32F1xx_HAL_Driver/Src/stm32f1xx_hal_cortex.o
 .debug_ranges  0x00000000000001b0       0x48 Drivers/STM32F1xx_HAL_Driver/Src/stm32f1xx_hal_gpio.o
 .debug_ranges  0x00000000000001f8      0x298 Drivers/STM32F1xx_HAL_Driver/Src/stm32f1xx_hal_i2c.o
 .debug_ranges  0x0000000000000490       0xa0 Drivers/STM32F1xx_HAL_Driver/Src/stm32f1xx_hal_rcc.o
 .debug_ranges  0x0000000000000530       0x10 Src/fonts.o
 .debug_ranges  0x0000000000000540       0x30 Src/main.o
 .debug_ranges  0x0000000000000570      0x120 Src/ssd1306.o
 .debug_ranges  0x0000000000000690       0x20 Src/stm32f1xx_hal_msp.o
 .debug_ranges  0x00000000000006b0       0x50 Src/stm32f1xx_it.o
 .debug_ranges  0x0000000000000700       0x18 Src/system_stm32f1xx.o
 .debug_ranges  0x0000000000000718       0x20 startup/startup_stm32f103xb.o

.debug_macro    0x0000000000000000    0x13397
 .debug_macro   0x0000000000000000      0x19f Drivers/STM32F1xx_HAL_Driver/Src/stm32f1xx_hal.o
 .debug_macro   0x000000000000019f      0xa60 Drivers/STM32F1xx_HAL_Driver/Src/stm32f1xx_hal.o
 .debug_macro   0x0000000000000bff      0x169 Drivers/STM32F1xx_HAL_Driver/Src/stm32f1xx_hal.o
 .debug_macro   0x0000000000000d68       0x2e Drivers/STM32F1xx_HAL_Driver/Src/stm32f1xx_hal.o
 .debug_macro   0x0000000000000d96       0x22 Drivers/STM32F1xx_HAL_Driver/Src/stm32f1xx_hal.o
 .debug_macro   0x0000000000000db8       0x22 Drivers/STM32F1xx_HAL_Driver/Src/stm32f1xx_hal.o
 .debug_macro   0x0000000000000dda       0x8e Drivers/STM32F1xx_HAL_Driver/Src/stm32f1xx_hal.o
 .debug_macro   0x0000000000000e68       0x51 Drivers/STM32F1xx_HAL_Driver/Src/stm32f1xx_hal.o
 .debug_macro   0x0000000000000eb9       0xef Drivers/STM32F1xx_HAL_Driver/Src/stm32f1xx_hal.o
 .debug_macro   0x0000000000000fa8       0x6a Drivers/STM32F1xx_HAL_Driver/Src/stm32f1xx_hal.o
 .debug_macro   0x0000000000001012      0x1df Drivers/STM32F1xx_HAL_Driver/Src/stm32f1xx_hal.o
 .debug_macro   0x00000000000011f1       0x1c Drivers/STM32F1xx_HAL_Driver/Src/stm32f1xx_hal.o
 .debug_macro   0x000000000000120d       0x22 Drivers/STM32F1xx_HAL_Driver/Src/stm32f1xx_hal.o
 .debug_macro   0x000000000000122f       0xc3 Drivers/STM32F1xx_HAL_Driver/Src/stm32f1xx_hal.o
 .debug_macro   0x00000000000012f2      0xd23 Drivers/STM32F1xx_HAL_Driver/Src/stm32f1xx_hal.o
 .debug_macro   0x0000000000002015     0xe09e Drivers/STM32F1xx_HAL_Driver/Src/stm32f1xx_hal.o
 .debug_macro   0x00000000000100b3       0x43 Drivers/STM32F1xx_HAL_Driver/Src/stm32f1xx_hal.o
 .debug_macro   0x00000000000100f6      0x174 Drivers/STM32F1xx_HAL_Driver/Src/stm32f1xx_hal.o
 .debug_macro   0x000000000001026a       0x4e Drivers/STM32F1xx_HAL_Driver/Src/stm32f1xx_hal.o
 .debug_macro   0x00000000000102b8      0x5be Drivers/STM32F1xx_HAL_Driver/Src/stm32f1xx_hal.o
 .debug_macro   0x0000000000010876      0x289 Drivers/STM32F1xx_HAL_Driver/Src/stm32f1xx_hal.o
 .debug_macro   0x0000000000010aff      0x1cb Drivers/STM32F1xx_HAL_Driver/Src/stm32f1xx_hal.o
 .debug_macro   0x0000000000010cca      0x114 Drivers/STM32F1xx_HAL_Driver/Src/stm32f1xx_hal.o
 .debug_macro   0x0000000000010dde      0x1b2 Drivers/STM32F1xx_HAL_Driver/Src/stm32f1xx_hal.o
 .debug_macro   0x0000000000010f90       0x27 Drivers/STM32F1xx_HAL_Driver/Src/stm32f1xx_hal.o
 .debug_macro   0x0000000000010fb7      0x1bc Drivers/STM32F1xx_HAL_Driver/Src/stm32f1xx_hal.o
 .debug_macro   0x0000000000011173       0x34 Drivers/STM32F1xx_HAL_Driver/Src/stm32f1xx_hal.o
 .debug_macro   0x00000000000111a7       0x3c Drivers/STM32F1xx_HAL_Driver/Src/stm32f1xx_hal.o
 .debug_macro   0x00000000000111e3       0x57 Drivers/STM32F1xx_HAL_Driver/Src/stm32f1xx_hal.o
 .debug_macro   0x000000000001123a       0x88 Drivers/STM32F1xx_HAL_Driver/Src/stm32f1xx_hal.o
 .debug_macro   0x00000000000112c2      0x241 Drivers/STM32F1xx_HAL_Driver/Src/stm32f1xx_hal.o
 .debug_macro   0x0000000000011503      0x280 Drivers/STM32F1xx_HAL_Driver/Src/stm32f1xx_hal.o
 .debug_macro   0x0000000000011783      0x141 Drivers/STM32F1xx_HAL_Driver/Src/stm32f1xx_hal.o
 .debug_macro   0x00000000000118c4       0x83 Drivers/STM32F1xx_HAL_Driver/Src/stm32f1xx_hal.o
 .debug_macro   0x0000000000011947      0x17b Drivers/STM32F1xx_HAL_Driver/Src/stm32f1xx_hal_cortex.o
 .debug_macro   0x0000000000011ac2      0x1e6 Drivers/STM32F1xx_HAL_Driver/Src/stm32f1xx_hal_gpio.o
 .debug_macro   0x0000000000011ca8      0x1bb Drivers/STM32F1xx_HAL_Driver/Src/stm32f1xx_hal_i2c.o
 .debug_macro   0x0000000000011e63      0x18d Drivers/STM32F1xx_HAL_Driver/Src/stm32f1xx_hal_rcc.o
 .debug_macro   0x0000000000011ff0      0x246 Src/fonts.o
 .debug_macro   0x0000000000012236       0x46 Src/fonts.o
 .debug_macro   0x000000000001227c       0x18 Src/fonts.o
 .debug_macro   0x0000000000012294       0x3c Src/fonts.o
 .debug_macro   0x00000000000122d0       0x34 Src/fonts.o
 .debug_macro   0x0000000000012304       0x52 Src/fonts.o
 .debug_macro   0x0000000000012356       0x1f Src/fonts.o
 .debug_macro   0x0000000000012375       0x43 Src/fonts.o
 .debug_macro   0x00000000000123b8       0x20 Src/fonts.o
 .debug_macro   0x00000000000123d8      0x1a3 Src/fonts.o
 .debug_macro   0x000000000001257b      0x32a Src/fonts.o
 .debug_macro   0x00000000000128a5       0x10 Src/fonts.o
 .debug_macro   0x00000000000128b5       0x35 Src/fonts.o
 .debug_macro   0x00000000000128ea       0x20 Src/fonts.o
 .debug_macro   0x000000000001290a      0x2b5 Src/main.o
 .debug_macro   0x0000000000012bbf       0x16 Src/main.o
 .debug_macro   0x0000000000012bd5       0x16 Src/main.o
 .debug_macro   0x0000000000012beb       0x29 Src/main.o
 .debug_macro   0x0000000000012c14       0x1d Src/main.o
 .debug_macro   0x0000000000012c31      0x2d1 Src/ssd1306.o
 .debug_macro   0x0000000000012f02      0x185 Src/stm32f1xx_hal_msp.o
 .debug_macro   0x0000000000013087      0x18f Src/stm32f1xx_it.o
 .debug_macro   0x0000000000013216      0x181 Src/system_stm32f1xx.o

.debug_line     0x0000000000000000     0x6a0c
 .debug_line    0x0000000000000000      0x7bc Drivers/STM32F1xx_HAL_Driver/Src/stm32f1xx_hal.o
 .debug_line    0x00000000000007bc      0x7ca Drivers/STM32F1xx_HAL_Driver/Src/stm32f1xx_hal_cortex.o
 .debug_line    0x0000000000000f86      0x78f Drivers/STM32F1xx_HAL_Driver/Src/stm32f1xx_hal_gpio.o
 .debug_line    0x0000000000001715     0x1bc6 Drivers/STM32F1xx_HAL_Driver/Src/stm32f1xx_hal_i2c.o
 .debug_line    0x00000000000032db      0x8c5 Drivers/STM32F1xx_HAL_Driver/Src/stm32f1xx_hal_rcc.o
 .debug_line    0x0000000000003ba0      0x72b Src/fonts.o
 .debug_line    0x00000000000042cb      0x8a5 Src/main.o
 .debug_line    0x0000000000004b70      0xb7e Src/ssd1306.o
 .debug_line    0x00000000000056ee      0x61a Src/stm32f1xx_hal_msp.o
 .debug_line    0x0000000000005d08      0x672 Src/stm32f1xx_it.o
 .debug_line    0x000000000000637a      0x615 Src/system_stm32f1xx.o
 .debug_line    0x000000000000698f       0x7d startup/startup_stm32f103xb.o

.debug_str      0x0000000000000000    0x68fd1
 .debug_str     0x0000000000000000    0x63d58 Drivers/STM32F1xx_HAL_Driver/Src/stm32f1xx_hal.o
                                      0x64092 (size before relaxing)
 .debug_str     0x0000000000063d58      0x2e1 Drivers/STM32F1xx_HAL_Driver/Src/stm32f1xx_hal_cortex.o
                                      0x6405b (size before relaxing)
 .debug_str     0x0000000000064039      0x3a3 Drivers/STM32F1xx_HAL_Driver/Src/stm32f1xx_hal_gpio.o
                                      0x63d86 (size before relaxing)
 .debug_str     0x00000000000643dc      0xff8 Drivers/STM32F1xx_HAL_Driver/Src/stm32f1xx_hal_i2c.o
                                      0x64a06 (size before relaxing)
 .debug_str     0x00000000000653d4      0x353 Drivers/STM32F1xx_HAL_Driver/Src/stm32f1xx_hal_rcc.o
                                      0x63de6 (size before relaxing)
 .debug_str     0x0000000000065727     0x2fea Src/fonts.o
                                      0x669a1 (size before relaxing)
 .debug_str     0x0000000000068711      0x2f9 Src/main.o
                                      0x67254 (size before relaxing)
 .debug_str     0x0000000000068a0a      0x44c Src/ssd1306.o
                                      0x67486 (size before relaxing)
 .debug_str     0x0000000000068e56       0x2b Src/stm32f1xx_hal_msp.o
                                      0x63ed6 (size before relaxing)
 .debug_str     0x0000000000068e81       0xb8 Src/stm32f1xx_it.o
                                      0x639f9 (size before relaxing)
 .debug_str     0x0000000000068f39       0x69 Src/system_stm32f1xx.o
                                      0x63a37 (size before relaxing)
 .debug_str     0x0000000000068fa2       0x2f startup/startup_stm32f103xb.o
                                         0x66 (size before relaxing)

.comment        0x0000000000000000       0x7b
 .comment       0x0000000000000000       0x7b Drivers/STM32F1xx_HAL_Driver/Src/stm32f1xx_hal.o
                                         0x7c (size before relaxing)
 .comment       0x000000000000007b       0x7c Drivers/STM32F1xx_HAL_Driver/Src/stm32f1xx_hal_cortex.o
 .comment       0x000000000000007b       0x7c Drivers/STM32F1xx_HAL_Driver/Src/stm32f1xx_hal_gpio.o
 .comment       0x000000000000007b       0x7c Drivers/STM32F1xx_HAL_Driver/Src/stm32f1xx_hal_i2c.o
 .comment       0x000000000000007b       0x7c Drivers/STM32F1xx_HAL_Driver/Src/stm32f1xx_hal_rcc.o
 .comment       0x000000000000007b       0x7c Src/fonts.o
 .comment       0x000000000000007b       0x7c Src/main.o
 .comment       0x000000000000007b       0x7c Src/ssd1306.o
 .comment       0x000000000000007b       0x7c Src/stm32f1xx_hal_msp.o
 .comment       0x000000000000007b       0x7c Src/stm32f1xx_it.o
 .comment       0x000000000000007b       0x7c Src/system_stm32f1xx.o

.debug_frame    0x0000000000000000     0x141c
 .debug_frame   0x0000000000000000      0x1d0 Drivers/STM32F1xx_HAL_Driver/Src/stm32f1xx_hal.o
 .debug_frame   0x00000000000001d0      0x12c Drivers/STM32F1xx_HAL_Driver/Src/stm32f1xx_hal_cortex.o
 .debug_frame   0x00000000000002fc       0xe8 Drivers/STM32F1xx_HAL_Driver/Src/stm32f1xx_hal_gpio.o
 .debug_frame   0x00000000000003e4      0x910 Drivers/STM32F1xx_HAL_Driver/Src/stm32f1xx_hal_i2c.o
 .debug_frame   0x0000000000000cf4      0x198 Drivers/STM32F1xx_HAL_Driver/Src/stm32f1xx_hal_rcc.o
 .debug_frame   0x0000000000000e8c       0x2c Src/fonts.o
 .debug_frame   0x0000000000000eb8       0x88 Src/main.o
 .debug_frame   0x0000000000000f40      0x358 Src/ssd1306.o
 .debug_frame   0x0000000000001298       0x60 Src/stm32f1xx_hal_msp.o
 .debug_frame   0x00000000000012f8       0xa8 Src/stm32f1xx_it.o
 .debug_frame   0x00000000000013a0       0x30 Src/system_stm32f1xx.o
 .debug_frame   0x00000000000013d0       0x2c c:/st/stm32cubeide_1.3.0/stm32cubeide/plugins/com.st.stm32cube.ide.mcu.externaltools.gnu-tools-for-stm32.7-2018-q2-update.win32_1.0.0.201904181610/tools/bin/../lib/gcc/arm-none-eabi/7.3.1/../../../../arm-none-eabi/lib/thumb/v7-m\libc_nano.a(lib_a-init.o)
 .debug_frame   0x00000000000013fc       0x20 c:/st/stm32cubeide_1.3.0/stm32cubeide/plugins/com.st.stm32cube.ide.mcu.externaltools.gnu-tools-for-stm32.7-2018-q2-update.win32_1.0.0.201904181610/tools/bin/../lib/gcc/arm-none-eabi/7.3.1/../../../../arm-none-eabi/lib/thumb/v7-m\libc_nano.a(lib_a-memset.o)
